Prueba de página de inicio completada
Prueba de registro de persona completada
Prueba de página de inicio completada
Prueba de registro de persona completada
Prueba de página de inicio completada
Prueba de registro de persona completada
